2025-12-06 21:21:10,647 - DEBUG - Initialising: RayBackend
2025-12-06 21:21:10,647 - DEBUG - Backend config: {'client_resources': {'num_cpus': 2, 'num_gpus': 0.2}, 'init_args': {'logging_level': 30, 'log_to_driver': True}, 'actor': {'tensorflow': 0}}
2025-12-06 21:21:11,066 - INFO - Starting FedAvg strategy:
2025-12-06 21:21:11,067 - INFO - 	\u251c\u2500\u2500 Number of rounds: 20
2025-12-06 21:21:11,067 - INFO - 	\u251c\u2500\u2500 ArrayRecord (90.03 MB)
2025-12-06 21:21:11,067 - INFO - 	\u251c\u2500\u2500 ConfigRecord (train): {'lr': 0.001}
2025-12-06 21:21:11,067 - INFO - 	\u251c\u2500\u2500 ConfigRecord (evaluate): (empty!)
2025-12-06 21:21:11,067 - INFO - 	\u251c\u2500\u2500> Sampling:
2025-12-06 21:21:11,067 - INFO - 	\u2502	\u251c\u2500\u2500Fraction: train (0.50) | evaluate ( 0.50)
2025-12-06 21:21:11,067 - INFO - 	\u2502	\u251c\u2500\u2500Minimum nodes: train (2) | evaluate (2)
2025-12-06 21:21:11,067 - INFO - 	\u2502	\u2514\u2500\u2500Minimum available nodes: 2
2025-12-06 21:21:11,067 - INFO - 	\u2514\u2500\u2500> Keys in records:
2025-12-06 21:21:11,067 - INFO - 		\u251c\u2500\u2500 Weighted by: 'num-examples'
2025-12-06 21:21:11,067 - INFO - 		\u251c\u2500\u2500 ArrayRecord key: 'arrays'
2025-12-06 21:21:11,067 - INFO - 		\u2514\u2500\u2500 ConfigRecord key: 'config'
2025-12-06 21:21:11,067 - INFO - 
2025-12-06 21:21:11,067 - INFO - 
2025-12-06 21:21:11,067 - INFO - [ROUND 1/20]
2025-12-06 21:21:11,068 - INFO - configure_train: Sampled 5 nodes (out of 10)
2025-12-06 21:21:12,936 - DEBUG - Constructed ActorPool with: 5 actors
2025-12-06 21:21:12,936 - DEBUG - Using InMemoryState
2025-12-06 21:21:36,347 - INFO - aggregate_train: Received 5 results and 0 failures
2025-12-06 21:21:36,522 - INFO - 	\u2514\u2500\u2500> Aggregated MetricRecord: {'train_loss': 1.2694388866424562}
2025-12-06 21:21:36,523 - INFO - configure_evaluate: Sampled 5 nodes (out of 10)
2025-12-06 21:21:37,436 - INFO - aggregate_evaluate: Received 5 results and 0 failures
2025-12-06 21:21:37,436 - INFO - 	\u2514\u2500\u2500> Aggregated MetricRecord: {'eval_loss': 0.4235033303499222, 'eval_acc': 0.7771428571428571}
2025-12-06 21:21:37,436 - INFO - 
2025-12-06 21:21:37,436 - INFO - [ROUND 2/20]
2025-12-06 21:21:37,436 - INFO - configure_train: Sampled 5 nodes (out of 10)
2025-12-06 21:21:45,974 - INFO - aggregate_train: Received 5 results and 0 failures
2025-12-06 21:21:46,153 - INFO - 	\u2514\u2500\u2500> Aggregated MetricRecord: {'train_loss': 1.1695361578464507}
2025-12-06 21:21:46,153 - INFO - configure_evaluate: Sampled 5 nodes (out of 10)
2025-12-06 21:21:47,097 - INFO - aggregate_evaluate: Received 5 results and 0 failures
2025-12-06 21:21:47,097 - INFO - 	\u2514\u2500\u2500> Aggregated MetricRecord: {'eval_loss': 0.4981337279081345, 'eval_acc': 0.6957142857142857}
2025-12-06 21:21:47,097 - INFO - 
2025-12-06 21:21:47,097 - INFO - [ROUND 3/20]
2025-12-06 21:21:47,097 - INFO - configure_train: Sampled 5 nodes (out of 10)
2025-12-06 21:21:55,741 - INFO - aggregate_train: Received 5 results and 0 failures
2025-12-06 21:21:55,922 - INFO - 	\u2514\u2500\u2500> Aggregated MetricRecord: {'train_loss': 1.1295242953300477}
2025-12-06 21:21:55,922 - INFO - configure_evaluate: Sampled 5 nodes (out of 10)
2025-12-06 21:21:56,910 - INFO - aggregate_evaluate: Received 5 results and 0 failures
2025-12-06 21:21:56,911 - INFO - 	\u2514\u2500\u2500> Aggregated MetricRecord: {'eval_loss': 0.3728245556354523, 'eval_acc': 0.8317857142857142}
2025-12-06 21:21:56,911 - INFO - 
2025-12-06 21:21:56,911 - INFO - [ROUND 4/20]
2025-12-06 21:21:56,911 - INFO - configure_train: Sampled 5 nodes (out of 10)
2025-12-06 21:22:05,558 - INFO - aggregate_train: Received 5 results and 0 failures
2025-12-06 21:22:05,733 - INFO - 	\u2514\u2500\u2500> Aggregated MetricRecord: {'train_loss': 1.1278510427474977}
2025-12-06 21:22:05,734 - INFO - configure_evaluate: Sampled 5 nodes (out of 10)
2025-12-06 21:22:06,679 - INFO - aggregate_evaluate: Received 5 results and 0 failures
2025-12-06 21:22:06,680 - INFO - 	\u2514\u2500\u2500> Aggregated MetricRecord: {'eval_loss': 0.36104890406131745, 'eval_acc': 0.8364285714285715}
2025-12-06 21:22:06,680 - INFO - 
2025-12-06 21:22:06,680 - INFO - [ROUND 5/20]
2025-12-06 21:22:06,680 - INFO - configure_train: Sampled 5 nodes (out of 10)
2025-12-06 21:22:15,245 - INFO - aggregate_train: Received 5 results and 0 failures
2025-12-06 21:22:15,423 - INFO - 	\u2514\u2500\u2500> Aggregated MetricRecord: {'train_loss': 1.1032080507278443}
2025-12-06 21:22:15,423 - INFO - configure_evaluate: Sampled 5 nodes (out of 10)
2025-12-06 21:22:16,316 - INFO - aggregate_evaluate: Received 5 results and 0 failures
2025-12-06 21:22:16,316 - INFO - 	\u2514\u2500\u2500> Aggregated MetricRecord: {'eval_loss': 0.3699025362730026, 'eval_acc': 0.8296428571428571}
2025-12-06 21:22:16,316 - INFO - 
2025-12-06 21:22:16,316 - INFO - [ROUND 6/20]
2025-12-06 21:22:16,316 - INFO - configure_train: Sampled 5 nodes (out of 10)
2025-12-06 21:22:25,069 - INFO - aggregate_train: Received 5 results and 0 failures
2025-12-06 21:22:25,247 - INFO - 	\u2514\u2500\u2500> Aggregated MetricRecord: {'train_loss': 1.0990070354938508}
2025-12-06 21:22:25,247 - INFO - configure_evaluate: Sampled 5 nodes (out of 10)
2025-12-06 21:22:26,299 - INFO - aggregate_evaluate: Received 5 results and 0 failures
2025-12-06 21:22:26,300 - INFO - 	\u2514\u2500\u2500> Aggregated MetricRecord: {'eval_loss': 0.3793788433074951, 'eval_acc': 0.8260714285714286}
2025-12-06 21:22:26,300 - INFO - 
2025-12-06 21:22:26,300 - INFO - [ROUND 7/20]
2025-12-06 21:22:26,300 - INFO - configure_train: Sampled 5 nodes (out of 10)
2025-12-06 21:22:35,256 - INFO - aggregate_train: Received 5 results and 0 failures
2025-12-06 21:22:35,435 - INFO - 	\u2514\u2500\u2500> Aggregated MetricRecord: {'train_loss': 1.0750114619731903}
2025-12-06 21:22:35,435 - INFO - configure_evaluate: Sampled 5 nodes (out of 10)
2025-12-06 21:22:36,518 - INFO - aggregate_evaluate: Received 5 results and 0 failures
2025-12-06 21:22:36,519 - INFO - 	\u2514\u2500\u2500> Aggregated MetricRecord: {'eval_loss': 0.39007261395454407, 'eval_acc': 0.8139285714285714}
2025-12-06 21:22:36,519 - INFO - 
2025-12-06 21:22:36,519 - INFO - [ROUND 8/20]
2025-12-06 21:22:36,519 - INFO - configure_train: Sampled 5 nodes (out of 10)
2025-12-06 21:22:45,465 - INFO - aggregate_train: Received 5 results and 0 failures
2025-12-06 21:22:45,641 - INFO - 	\u2514\u2500\u2500> Aggregated MetricRecord: {'train_loss': 1.0576006031036376}
2025-12-06 21:22:45,641 - INFO - configure_evaluate: Sampled 5 nodes (out of 10)
2025-12-06 21:22:46,724 - INFO - aggregate_evaluate: Received 5 results and 0 failures
2025-12-06 21:22:46,725 - INFO - 	\u2514\u2500\u2500> Aggregated MetricRecord: {'eval_loss': 0.3578009694814682, 'eval_acc': 0.837857142857143}
2025-12-06 21:22:46,725 - INFO - 
2025-12-06 21:22:46,725 - INFO - [ROUND 9/20]
2025-12-06 21:22:46,725 - INFO - configure_train: Sampled 5 nodes (out of 10)
2025-12-06 21:22:55,655 - INFO - aggregate_train: Received 5 results and 0 failures
2025-12-06 21:22:55,834 - INFO - 	\u2514\u2500\u2500> Aggregated MetricRecord: {'train_loss': 1.0706643402576448}
2025-12-06 21:22:55,834 - INFO - configure_evaluate: Sampled 5 nodes (out of 10)
2025-12-06 21:22:56,805 - INFO - aggregate_evaluate: Received 5 results and 0 failures
2025-12-06 21:22:56,805 - INFO - 	\u2514\u2500\u2500> Aggregated MetricRecord: {'eval_loss': 0.38197366297245033, 'eval_acc': 0.8232142857142857}
2025-12-06 21:22:56,805 - INFO - 
2025-12-06 21:22:56,805 - INFO - [ROUND 10/20]
2025-12-06 21:22:56,806 - INFO - configure_train: Sampled 5 nodes (out of 10)
2025-12-06 21:23:05,592 - INFO - aggregate_train: Received 5 results and 0 failures
2025-12-06 21:23:05,777 - INFO - 	\u2514\u2500\u2500> Aggregated MetricRecord: {'train_loss': 1.036781486272812}
2025-12-06 21:23:05,777 - INFO - configure_evaluate: Sampled 5 nodes (out of 10)
2025-12-06 21:23:06,649 - INFO - aggregate_evaluate: Received 5 results and 0 failures
2025-12-06 21:23:06,649 - INFO - 	\u2514\u2500\u2500> Aggregated MetricRecord: {'eval_loss': 0.36206941902637485, 'eval_acc': 0.8396428571428572}
2025-12-06 21:23:06,649 - INFO - 
2025-12-06 21:23:06,650 - INFO - [ROUND 11/20]
2025-12-06 21:23:06,650 - INFO - configure_train: Sampled 5 nodes (out of 10)
2025-12-06 21:23:15,221 - INFO - aggregate_train: Received 5 results and 0 failures
2025-12-06 21:23:15,505 - INFO - 	\u2514\u2500\u2500> Aggregated MetricRecord: {'train_loss': 1.033696713447571}
2025-12-06 21:23:15,505 - INFO - configure_evaluate: Sampled 5 nodes (out of 10)
2025-12-06 21:23:16,545 - INFO - aggregate_evaluate: Received 5 results and 0 failures
2025-12-06 21:23:16,545 - INFO - 	\u2514\u2500\u2500> Aggregated MetricRecord: {'eval_loss': 0.35710675716400153, 'eval_acc': 0.8328571428571429}
2025-12-06 21:23:16,545 - INFO - 
2025-12-06 21:23:16,545 - INFO - [ROUND 12/20]
2025-12-06 21:23:16,546 - INFO - configure_train: Sampled 5 nodes (out of 10)
2025-12-06 21:23:24,986 - INFO - aggregate_train: Received 5 results and 0 failures
2025-12-06 21:23:25,180 - INFO - 	\u2514\u2500\u2500> Aggregated MetricRecord: {'train_loss': 1.0117316114902497}
2025-12-06 21:23:25,181 - INFO - configure_evaluate: Sampled 5 nodes (out of 10)
2025-12-06 21:23:26,279 - INFO - aggregate_evaluate: Received 5 results and 0 failures
2025-12-06 21:23:26,280 - INFO - 	\u2514\u2500\u2500> Aggregated MetricRecord: {'eval_loss': 0.3817501336336136, 'eval_acc': 0.8367857142857144}
2025-12-06 21:23:26,280 - INFO - 
2025-12-06 21:23:26,280 - INFO - [ROUND 13/20]
2025-12-06 21:23:26,280 - INFO - configure_train: Sampled 5 nodes (out of 10)
2025-12-06 21:23:34,799 - INFO - aggregate_train: Received 5 results and 0 failures
2025-12-06 21:23:34,979 - INFO - 	\u2514\u2500\u2500> Aggregated MetricRecord: {'train_loss': 1.004269477725029}
2025-12-06 21:23:34,979 - INFO - configure_evaluate: Sampled 5 nodes (out of 10)
2025-12-06 21:23:35,906 - INFO - aggregate_evaluate: Received 5 results and 0 failures
2025-12-06 21:23:35,906 - INFO - 	\u2514\u2500\u2500> Aggregated MetricRecord: {'eval_loss': 0.4375572264194489, 'eval_acc': 0.8139285714285714}
2025-12-06 21:23:35,906 - INFO - 
2025-12-06 21:23:35,906 - INFO - [ROUND 14/20]
2025-12-06 21:23:35,906 - INFO - configure_train: Sampled 5 nodes (out of 10)
2025-12-06 21:23:44,303 - INFO - aggregate_train: Received 5 results and 0 failures
2025-12-06 21:23:44,481 - INFO - 	\u2514\u2500\u2500> Aggregated MetricRecord: {'train_loss': 1.006714844107628}
2025-12-06 21:23:44,481 - INFO - configure_evaluate: Sampled 5 nodes (out of 10)
2025-12-06 21:23:45,503 - INFO - aggregate_evaluate: Received 5 results and 0 failures
2025-12-06 21:23:45,503 - INFO - 	\u2514\u2500\u2500> Aggregated MetricRecord: {'eval_loss': 0.39262596070766453, 'eval_acc': 0.8178571428571428}
2025-12-06 21:23:45,503 - INFO - 
2025-12-06 21:23:45,503 - INFO - [ROUND 15/20]
2025-12-06 21:23:45,504 - INFO - configure_train: Sampled 5 nodes (out of 10)
2025-12-06 21:23:53,899 - INFO - aggregate_train: Received 5 results and 0 failures
2025-12-06 21:23:54,079 - INFO - 	\u2514\u2500\u2500> Aggregated MetricRecord: {'train_loss': 0.9884255659580231}
2025-12-06 21:23:54,079 - INFO - configure_evaluate: Sampled 5 nodes (out of 10)
2025-12-06 21:23:55,005 - INFO - aggregate_evaluate: Received 5 results and 0 failures
2025-12-06 21:23:55,005 - INFO - 	\u2514\u2500\u2500> Aggregated MetricRecord: {'eval_loss': 0.43980907201766967, 'eval_acc': 0.8157142857142858}
2025-12-06 21:23:55,005 - INFO - 
2025-12-06 21:23:55,005 - INFO - [ROUND 16/20]
2025-12-06 21:23:55,006 - INFO - configure_train: Sampled 5 nodes (out of 10)
2025-12-06 21:24:03,558 - INFO - aggregate_train: Received 5 results and 0 failures
2025-12-06 21:24:03,734 - INFO - 	\u2514\u2500\u2500> Aggregated MetricRecord: {'train_loss': 0.9690136933326722}
2025-12-06 21:24:03,734 - INFO - configure_evaluate: Sampled 5 nodes (out of 10)
2025-12-06 21:24:04,711 - INFO - aggregate_evaluate: Received 5 results and 0 failures
2025-12-06 21:24:04,711 - INFO - 	\u2514\u2500\u2500> Aggregated MetricRecord: {'eval_loss': 0.3853240042924881, 'eval_acc': 0.8014285714285716}
2025-12-06 21:24:04,711 - INFO - 
2025-12-06 21:24:04,712 - INFO - [ROUND 17/20]
2025-12-06 21:24:04,712 - INFO - configure_train: Sampled 5 nodes (out of 10)
2025-12-06 21:24:13,100 - INFO - aggregate_train: Received 5 results and 0 failures
2025-12-06 21:24:13,274 - INFO - 	\u2514\u2500\u2500> Aggregated MetricRecord: {'train_loss': 0.9366308152675629}
2025-12-06 21:24:13,275 - INFO - configure_evaluate: Sampled 5 nodes (out of 10)
2025-12-06 21:24:14,218 - INFO - aggregate_evaluate: Received 5 results and 0 failures
2025-12-06 21:24:14,219 - INFO - 	\u2514\u2500\u2500> Aggregated MetricRecord: {'eval_loss': 0.4012369483709336, 'eval_acc': 0.8253571428571429}
2025-12-06 21:24:14,219 - INFO - 
2025-12-06 21:24:14,219 - INFO - [ROUND 18/20]
2025-12-06 21:24:14,219 - INFO - configure_train: Sampled 5 nodes (out of 10)
2025-12-06 21:24:22,787 - INFO - aggregate_train: Received 5 results and 0 failures
2025-12-06 21:24:22,969 - INFO - 	\u2514\u2500\u2500> Aggregated MetricRecord: {'train_loss': 0.9636543136835098}
2025-12-06 21:24:22,969 - INFO - configure_evaluate: Sampled 5 nodes (out of 10)
2025-12-06 21:24:24,019 - INFO - aggregate_evaluate: Received 5 results and 0 failures
2025-12-06 21:24:24,020 - INFO - 	\u2514\u2500\u2500> Aggregated MetricRecord: {'eval_loss': 0.36987030506134033, 'eval_acc': 0.8257142857142858}
2025-12-06 21:24:24,020 - INFO - 
2025-12-06 21:24:24,020 - INFO - [ROUND 19/20]
2025-12-06 21:24:24,020 - INFO - configure_train: Sampled 5 nodes (out of 10)
2025-12-06 21:24:33,007 - INFO - aggregate_train: Received 5 results and 0 failures
2025-12-06 21:24:33,193 - INFO - 	\u2514\u2500\u2500> Aggregated MetricRecord: {'train_loss': 0.9216146892309189}
2025-12-06 21:24:33,193 - INFO - configure_evaluate: Sampled 5 nodes (out of 10)
2025-12-06 21:24:34,175 - INFO - aggregate_evaluate: Received 5 results and 0 failures
2025-12-06 21:24:34,176 - INFO - 	\u2514\u2500\u2500> Aggregated MetricRecord: {'eval_loss': 0.42241278290748596, 'eval_acc': 0.8128571428571428}
2025-12-06 21:24:34,176 - INFO - 
2025-12-06 21:24:34,176 - INFO - [ROUND 20/20]
2025-12-06 21:24:34,177 - INFO - configure_train: Sampled 5 nodes (out of 10)
2025-12-06 21:24:42,946 - INFO - aggregate_train: Received 5 results and 0 failures
2025-12-06 21:24:43,132 - INFO - 	\u2514\u2500\u2500> Aggregated MetricRecord: {'train_loss': 0.8867186444997788}
2025-12-06 21:24:43,133 - INFO - configure_evaluate: Sampled 5 nodes (out of 10)
2025-12-06 21:24:44,303 - INFO - aggregate_evaluate: Received 5 results and 0 failures
2025-12-06 21:24:44,303 - INFO - 	\u2514\u2500\u2500> Aggregated MetricRecord: {'eval_loss': 0.3992295742034912, 'eval_acc': 0.8175}
2025-12-06 21:24:44,303 - INFO - 
2025-12-06 21:24:44,303 - INFO - Strategy execution finished in 213.24s
2025-12-06 21:24:44,304 - INFO - 
2025-12-06 21:24:44,304 - INFO - Final results:
2025-12-06 21:24:44,304 - INFO - 
2025-12-06 21:24:44,304 - INFO - 	Global Arrays:
2025-12-06 21:24:44,304 - INFO - 		ArrayRecord (90.028 MB)
2025-12-06 21:24:44,305 - INFO - 	
2025-12-06 21:24:44,305 - INFO - 	Aggregated ClientApp-side Train Metrics:
2025-12-06 21:24:44,305 - INFO - 	{ 1: {'train_loss': '1.2694e+00'},
2025-12-06 21:24:44,305 - INFO - 	  2: {'train_loss': '1.1695e+00'},
2025-12-06 21:24:44,305 - INFO - 	  3: {'train_loss': '1.1295e+00'},
2025-12-06 21:24:44,305 - INFO - 	  4: {'train_loss': '1.1279e+00'},
2025-12-06 21:24:44,305 - INFO - 	  5: {'train_loss': '1.1032e+00'},
2025-12-06 21:24:44,305 - INFO - 	  6: {'train_loss': '1.0990e+00'},
2025-12-06 21:24:44,305 - INFO - 	  7: {'train_loss': '1.0750e+00'},
2025-12-06 21:24:44,305 - INFO - 	  8: {'train_loss': '1.0576e+00'},
2025-12-06 21:24:44,306 - INFO - 	  9: {'train_loss': '1.0707e+00'},
2025-12-06 21:24:44,306 - INFO - 	  10: {'train_loss': '1.0368e+00'},
2025-12-06 21:24:44,306 - INFO - 	  11: {'train_loss': '1.0337e+00'},
2025-12-06 21:24:44,306 - INFO - 	  12: {'train_loss': '1.0117e+00'},
2025-12-06 21:24:44,306 - INFO - 	  13: {'train_loss': '1.0043e+00'},
2025-12-06 21:24:44,306 - INFO - 	  14: {'train_loss': '1.0067e+00'},
2025-12-06 21:24:44,306 - INFO - 	  15: {'train_loss': '9.8843e-01'},
2025-12-06 21:24:44,306 - INFO - 	  16: {'train_loss': '9.6901e-01'},
2025-12-06 21:24:44,306 - INFO - 	  17: {'train_loss': '9.3663e-01'},
2025-12-06 21:24:44,306 - INFO - 	  18: {'train_loss': '9.6365e-01'},
2025-12-06 21:24:44,306 - INFO - 	  19: {'train_loss': '9.2161e-01'},
2025-12-06 21:24:44,306 - INFO - 	  20: {'train_loss': '8.8672e-01'}}
2025-12-06 21:24:44,306 - INFO - 	
2025-12-06 21:24:44,307 - INFO - 	Aggregated ClientApp-side Evaluate Metrics:
2025-12-06 21:24:44,307 - INFO - 	{ 1: {'eval_acc': '7.7714e-01', 'eval_loss': '4.2350e-01'},
2025-12-06 21:24:44,307 - INFO - 	  2: {'eval_acc': '6.9571e-01', 'eval_loss': '4.9813e-01'},
2025-12-06 21:24:44,307 - INFO - 	  3: {'eval_acc': '8.3179e-01', 'eval_loss': '3.7282e-01'},
2025-12-06 21:24:44,307 - INFO - 	  4: {'eval_acc': '8.3643e-01', 'eval_loss': '3.6105e-01'},
2025-12-06 21:24:44,307 - INFO - 	  5: {'eval_acc': '8.2964e-01', 'eval_loss': '3.6990e-01'},
2025-12-06 21:24:44,307 - INFO - 	  6: {'eval_acc': '8.2607e-01', 'eval_loss': '3.7938e-01'},
2025-12-06 21:24:44,307 - INFO - 	  7: {'eval_acc': '8.1393e-01', 'eval_loss': '3.9007e-01'},
2025-12-06 21:24:44,307 - INFO - 	  8: {'eval_acc': '8.3786e-01', 'eval_loss': '3.5780e-01'},
2025-12-06 21:24:44,307 - INFO - 	  9: {'eval_acc': '8.2321e-01', 'eval_loss': '3.8197e-01'},
2025-12-06 21:24:44,307 - INFO - 	  10: {'eval_acc': '8.3964e-01', 'eval_loss': '3.6207e-01'},
2025-12-06 21:24:44,308 - INFO - 	  11: {'eval_acc': '8.3286e-01', 'eval_loss': '3.5711e-01'},
2025-12-06 21:24:44,308 - INFO - 	  12: {'eval_acc': '8.3679e-01', 'eval_loss': '3.8175e-01'},
2025-12-06 21:24:44,308 - INFO - 	  13: {'eval_acc': '8.1393e-01', 'eval_loss': '4.3756e-01'},
2025-12-06 21:24:44,308 - INFO - 	  14: {'eval_acc': '8.1786e-01', 'eval_loss': '3.9263e-01'},
2025-12-06 21:24:44,308 - INFO - 	  15: {'eval_acc': '8.1571e-01', 'eval_loss': '4.3981e-01'},
2025-12-06 21:24:44,308 - INFO - 	  16: {'eval_acc': '8.0143e-01', 'eval_loss': '3.8532e-01'},
2025-12-06 21:24:44,308 - INFO - 	  17: {'eval_acc': '8.2536e-01', 'eval_loss': '4.0124e-01'},
2025-12-06 21:24:44,308 - INFO - 	  18: {'eval_acc': '8.2571e-01', 'eval_loss': '3.6987e-01'},
2025-12-06 21:24:44,308 - INFO - 	  19: {'eval_acc': '8.1286e-01', 'eval_loss': '4.2241e-01'},
2025-12-06 21:24:44,308 - INFO - 	  20: {'eval_acc': '8.1750e-01', 'eval_loss': '3.9923e-01'}}
2025-12-06 21:24:44,308 - INFO - 	
2025-12-06 21:24:44,309 - INFO - 	ServerApp-side Evaluate Metrics:
2025-12-06 21:24:44,309 - INFO - 	{}
2025-12-06 21:24:44,309 - INFO - 
2025-12-06 21:24:44,404 - DEBUG - ServerApp finished running.
2025-12-06 21:24:44,404 - DEBUG - ServerApp finished running.
2025-12-06 21:24:44,404 - DEBUG - Triggered stop event for Simulation Engine.
2025-12-06 21:24:45,282 - DEBUG - Terminated 5 actors
2025-12-06 21:24:45,830 - DEBUG - Terminated RayBackend
2025-12-06 21:24:45,830 - DEBUG - Stopping Simulation Engine now.
